Wendell@DESKTOP-BMB9N1R MINGW64 ~/OneDrive/Documentos/desafios (master)
$ git status
On branch master
Changes not staged for commit:
  (use "git add <file>..." to update what will be committed)
  (use "git restore <file>..." to discard changes in working directory)
        modified:   desafiso123.html

Untracked files:
  (use "git add <file>..." to include in what will be committed)
        desafio5.js

no changes added to commit (use "git add" and/or "git commit -a")

Wendell@DESKTOP-BMB9N1R MINGW64 ~/OneDrive/Documentos/desafios (master)
$ git add .

Wendell@DESKTOP-BMB9N1R MINGW64 ~/OneDrive/Documentos/desafios (master)
$ git status
On branch master
Changes to be committed:
  (use "git restore --staged <file>..." to unstage)
        new file:   desafio5.js
        modified:   desafiso123.html


Wendell@DESKTOP-BMB9N1R MINGW64 ~/OneDrive/Documentos/desafios (master)
$ git push origin master
Everything up-to-date

Wendell@DESKTOP-BMB9N1R MINGW64 ~/OneDrive/Documentos/desafios (master)
$ git status
On branch master
Changes to be committed:
  (use "git restore --staged <file>..." to unstage)
        new file:   desafio5.js
        modified:   desafiso123.html

Changes not staged for commit:
  (use "git add <file>..." to update what will be committed)
  (use "git restore <file>..." to discard changes in working directory)
        modified:   desafio5.js


Wendell@DESKTOP-BMB9N1R MINGW64 ~/OneDrive/Documentos/desafios (master)
$ git add .

Wendell@DESKTOP-BMB9N1R MINGW64 ~/OneDrive/Documentos/desafios (master)
$ git commit -m "Desafio 5 concluído"
[master 263c9fd] Desafio 5 concluído
 2 files changed, 34 insertions(+), 1 deletion(-)
 create mode 100644 desafio5.js

Wendell@DESKTOP-BMB9N1R MINGW64 ~/OneDrive/Documentos/desafios (master)
$ git push origin master
Enumerating objects: 6, done.
Counting objects: 100% (6/6), done.
Delta compression using up to 2 threads
Compressing objects: 100% (4/4), done.
Writing objects: 100% (4/4), 728 bytes | 242.00 KiB/s, done.
Total 4 (delta 2), reused 0 (delta 0), pack-reused 0
remote: Resolving deltas: 100% (2/2), completed with 2 local objects.
To https://github.com/wendell-cunha/Desafios-JavaScript.git
   0440a36..263c9fd  master -> master

Wendell@DESKTOP-BMB9N1R MINGW64 ~/OneDrive/Documentos/desafios (master)
$
